// Jest Snapshot v1, https://goo.gl/fbAQLP

exports[`Cipher should encrypt a string 1`] = `"8cb0740467"`;
